// Jest Snapshot v1, https://goo.gl/fbAQLP

exports[`CreateDashboard/Search should match snapshot 1`] = `
<DocumentFragment>
  <div
    class="MuiBox-root css-z3339j"
  >
    <header
      class="MuiPaper-root MuiPaper-elevation MuiPaper-elevation0 MuiAppBar-root MuiAppBar-colorPrimary MuiAppBar-positionStatic css-u2vtxm-MuiPaper-root-MuiAppBar-root"
      style="--Paper-shadow: none;"
    >
      <div
        class="MuiContainer-root css-12pwiy3-MuiContainer-root"
      >
        <div
          class="MuiToolbar-root MuiToolbar-regular css-1t0x8et-MuiToolbar-root"
        >
          <a
            class="MuiTypography-root MuiTypography-subtitle1 css-1z0p208-MuiTypography-root"
            href="/"
          >
            SDG
            <br />
            ZOO
          </a>
          <div
            class="MuiBox-root css-dq25au"
          >
            <button
              class="MuiButtonBase-root MuiIconButton-root MuiIconButton-colorInherit MuiIconButton-sizeLarge css-z77o6z-MuiButtonBase-root-MuiIconButton-root"
              tabindex="0"
              type="button"
            >
              <svg
                aria-hidden="true"
                class="MuiSvgIcon-root MuiSvgIcon-fontSizeMedium css-1xf0eoi-MuiSvgIcon-root"
                data-testid="MenuIcon"
                focusable="false"
                viewBox="0 0 24 24"
              >
                <path
                  d="M3 18h18v-2H3zm0-5h18v-2H3zm0-7v2h18V6z"
                />
              </svg>
            </button>
          </div>
          <div
            class="MuiBox-root css-10s323d"
          >
            <a
              class="MuiButtonBase-root MuiButton-root MuiButton-text MuiButton-textPrimary MuiButton-sizeMedium MuiButton-textSizeMedium MuiButton-colorPrimary MuiButton-root MuiButton-text MuiButton-textPrimary MuiButton-sizeMedium MuiButton-textSizeMedium MuiButton-colorPrimary css-1oyog3l-MuiButtonBase-root-MuiButton-root"
              href="/"
              tabindex="0"
            >
              HOME
            </a>
            <a
              class="MuiButtonBase-root MuiButton-root MuiButton-text MuiButton-textPrimary MuiButton-sizeMedium MuiButton-textSizeMedium MuiButton-colorPrimary MuiButton-root MuiButton-text MuiButton-textPrimary MuiButton-sizeMedium MuiButton-textSizeMedium MuiButton-colorPrimary css-1oyog3l-MuiButtonBase-root-MuiButton-root"
              href="/about-us"
              tabindex="0"
            >
              ABOUT
            </a>
            <button
              class="MuiButtonBase-root MuiButton-root MuiButton-text MuiButton-textPrimary MuiButton-sizeMedium MuiButton-textSizeMedium MuiButton-colorPrimary MuiButton-root MuiButton-text MuiButton-textPrimary MuiButton-sizeMedium MuiButton-textSizeMedium MuiButton-colorPrimary css-769nkz-MuiButtonBase-root-MuiButton-root"
              tabindex="0"
              type="button"
            >
              FEATURES
              <span
                class="MuiButton-icon MuiButton-endIcon MuiButton-iconSizeMedium css-1gulhci-MuiButton-endIcon"
              >
                <svg
                  aria-hidden="true"
                  class="MuiSvgIcon-root MuiSvgIcon-fontSizeMedium css-1umw9bq-MuiSvgIcon-root"
                  data-testid="KeyboardArrowDownIcon"
                  focusable="false"
                  viewBox="0 0 24 24"
                >
                  <path
                    d="M7.41 8.59 12 13.17l4.59-4.58L18 10l-6 6-6-6z"
                  />
                </svg>
              </span>
            </button>
          </div>
          <div
            class="MuiBox-root css-1t0e2o"
          >
            <button
              aria-label="Profile settings"
              class="MuiButtonBase-root MuiIconButton-root MuiIconButton-sizeMedium css-1avsmgh-MuiButtonBase-root-MuiIconButton-root"
              data-mui-internal-clone-element="true"
              tabindex="0"
              type="button"
            >
              <div
                class="MuiAvatar-root MuiAvatar-circular MuiAvatar-colorDefault css-bqh3fr-MuiAvatar-root"
              >
                <svg
                  aria-hidden="true"
                  class="MuiSvgIcon-root MuiSvgIcon-fontSizeMedium css-1umw9bq-MuiSvgIcon-root"
                  data-testid="PersonIcon"
                  focusable="false"
                  viewBox="0 0 24 24"
                >
                  <path
                    d="M12 12c2.21 0 4-1.79 4-4s-1.79-4-4-4-4 1.79-4 4 1.79 4 4 4m0 2c-2.67 0-8 1.34-8 4v2h16v-2c0-2.66-5.33-4-8-4"
                  />
                </svg>
              </div>
            </button>
          </div>
        </div>
      </div>
    </header>
    <div
      class="MuiContainer-root MuiContainer-maxWidthLg css-eyrs0v-MuiContainer-root"
    >
      <div
        class="MuiBox-root css-1ahbek6"
      >
        <h3
          class="MuiTypography-root MuiTypography-h3 css-1sjcxh8-MuiTypography-root"
        >
          SDG Knowledge System
        </h3>
        <div
          class="MuiFormControl-root MuiFormControl-fullWidth MuiTextField-root css-2v5rmj-MuiFormControl-root-MuiTextField-root"
        >
          <div
            class="MuiInputBase-root MuiOutlinedInput-root MuiInputBase-colorPrimary MuiInputBase-fullWidth MuiInputBase-formControl MuiInputBase-adornedStart css-ot336b-MuiInputBase-root-MuiOutlinedInput-root"
          >
            <svg
              aria-hidden="true"
              class="MuiSvgIcon-root MuiSvgIcon-fontSizeMedium css-p9vzyp-MuiSvgIcon-root"
              data-testid="SearchIcon"
              focusable="false"
              viewBox="0 0 24 24"
            >
              <path
                d="M15.5 14h-.79l-.28-.27C15.41 12.59 16 11.11 16 9.5 16 5.91 13.09 3 9.5 3S3 5.91 3 9.5 5.91 16 9.5 16c1.61 0 3.09-.59 4.23-1.57l.27.28v.79l5 4.99L20.49 19zm-6 0C7.01 14 5 11.99 5 9.5S7.01 5 9.5 5 14 7.01 14 9.5 11.99 14 9.5 14"
              />
            </svg>
            <input
              aria-invalid="false"
              autocomplete="off"
              class="MuiInputBase-input MuiOutlinedInput-input MuiInputBase-inputAdornedStart css-2u11ia-MuiInputBase-input-MuiOutlinedInput-input"
              id=":r6:"
              placeholder="Search for an SDG Action/Education Plan"
              type="text"
              value=""
            />
            <fieldset
              aria-hidden="true"
              class="MuiOutlinedInput-notchedOutline css-1ll44ll-MuiOutlinedInput-notchedOutline"
            >
              <legend
                class="css-w4cd9x"
              >
                <span
                  aria-hidden="true"
                  class="notranslate"
                >
                  â€‹
                </span>
              </legend>
            </fieldset>
          </div>
        </div>
      </div>
    </div>
  </div>
</DocumentFragment>
`;
