// Jest Snapshot v1, https://goo.gl/fbAQLP

exports[`SignUp should match snapshot 1`] = `
<DocumentFragment>
  <div
    class="MuiBox-root css-z3339j"
  >
    <header
      class="MuiPaper-root MuiPaper-elevation MuiPaper-elevation0 MuiAppBar-root MuiAppBar-colorPrimary MuiAppBar-positionStatic css-u2vtxm-MuiPaper-root-MuiAppBar-root"
      style="--Paper-shadow: none;"
    >
      <div
        class="MuiContainer-root css-12pwiy3-MuiContainer-root"
      >
        <div
          class="MuiToolbar-root MuiToolbar-regular css-1t0x8et-MuiToolbar-root"
        >
          <a
            class="MuiTypography-root MuiTypography-subtitle1 css-1z0p208-MuiTypography-root"
            href="/"
          >
            SDG
            <br />
            ZOO
          </a>
          <div
            class="MuiBox-root css-dq25au"
          >
            <button
              class="MuiButtonBase-root MuiIconButton-root MuiIconButton-colorInherit MuiIconButton-sizeLarge css-z77o6z-MuiButtonBase-root-MuiIconButton-root"
              tabindex="0"
              type="button"
            >
              <svg
                aria-hidden="true"
                class="MuiSvgIcon-root MuiSvgIcon-fontSizeMedium css-1xf0eoi-MuiSvgIcon-root"
                data-testid="MenuIcon"
                focusable="false"
                viewBox="0 0 24 24"
              >
                <path
                  d="M3 18h18v-2H3zm0-5h18v-2H3zm0-7v2h18V6z"
                />
              </svg>
            </button>
          </div>
          <div
            class="MuiBox-root css-10s323d"
          >
            <a
              class="MuiButtonBase-root MuiButton-root MuiButton-text MuiButton-textPrimary MuiButton-sizeMedium MuiButton-textSizeMedium MuiButton-colorPrimary MuiButton-root MuiButton-text MuiButton-textPrimary MuiButton-sizeMedium MuiButton-textSizeMedium MuiButton-colorPrimary css-1oyog3l-MuiButtonBase-root-MuiButton-root"
              href="/"
              tabindex="0"
            >
              HOME
            </a>
            <a
              class="MuiButtonBase-root MuiButton-root MuiButton-text MuiButton-textPrimary MuiButton-sizeMedium MuiButton-textSizeMedium MuiButton-colorPrimary MuiButton-root MuiButton-text MuiButton-textPrimary MuiButton-sizeMedium MuiButton-textSizeMedium MuiButton-colorPrimary css-1oyog3l-MuiButtonBase-root-MuiButton-root"
              href="/about-us"
              tabindex="0"
            >
              ABOUT
            </a>
            <button
              class="MuiButtonBase-root MuiButton-root MuiButton-text MuiButton-textPrimary MuiButton-sizeMedium MuiButton-textSizeMedium MuiButton-colorPrimary MuiButton-root MuiButton-text MuiButton-textPrimary MuiButton-sizeMedium MuiButton-textSizeMedium MuiButton-colorPrimary css-769nkz-MuiButtonBase-root-MuiButton-root"
              tabindex="0"
              type="button"
            >
              FEATURES
              <span
                class="MuiButton-icon MuiButton-endIcon MuiButton-iconSizeMedium css-1gulhci-MuiButton-endIcon"
              >
                <svg
                  aria-hidden="true"
                  class="MuiSvgIcon-root MuiSvgIcon-fontSizeMedium css-1umw9bq-MuiSvgIcon-root"
                  data-testid="KeyboardArrowDownIcon"
                  focusable="false"
                  viewBox="0 0 24 24"
                >
                  <path
                    d="M7.41 8.59 12 13.17l4.59-4.58L18 10l-6 6-6-6z"
                  />
                </svg>
              </span>
            </button>
          </div>
          <div
            class="MuiBox-root css-1t0e2o"
          >
            <button
              aria-label="Profile settings"
              class="MuiButtonBase-root MuiIconButton-root MuiIconButton-sizeMedium css-1avsmgh-MuiButtonBase-root-MuiIconButton-root"
              data-mui-internal-clone-element="true"
              tabindex="0"
              type="button"
            >
              <div
                class="MuiAvatar-root MuiAvatar-circular MuiAvatar-colorDefault css-bqh3fr-MuiAvatar-root"
              >
                <svg
                  aria-hidden="true"
                  class="MuiSvgIcon-root MuiSvgIcon-fontSizeMedium css-1umw9bq-MuiSvgIcon-root"
                  data-testid="PersonIcon"
                  focusable="false"
                  viewBox="0 0 24 24"
                >
                  <path
                    d="M12 12c2.21 0 4-1.79 4-4s-1.79-4-4-4-4 1.79-4 4 1.79 4 4 4m0 2c-2.67 0-8 1.34-8 4v2h16v-2c0-2.66-5.33-4-8-4"
                  />
                </svg>
              </div>
            </button>
          </div>
        </div>
      </div>
    </header>
    <div
      class="MuiContainer-root MuiContainer-maxWidthLg css-g3sf3s-MuiContainer-root"
    >
      <div
        class="MuiContainer-root MuiContainer-maxWidthMd MuiContainer-disableGutters css-1lgrfpo-MuiContainer-root"
      >
        <div
          class="MuiBox-root css-quy04j"
        >
          <div
            class="MuiBox-root css-18p0lj7"
          >
            <h4
              class="MuiTypography-root MuiTypography-h4 css-1lbur98-MuiTypography-root"
            >
              Hello Friend!
            </h4>
            <h5
              class="MuiTypography-root MuiTypography-h5 css-evdd39-MuiTypography-root"
            >
              Already a user?
            </h5>
            <button
              class="MuiButtonBase-root MuiButton-root MuiButton-contained MuiButton-containedPrimary MuiButton-sizeSmall MuiButton-containedSizeSmall MuiButton-colorPrimary MuiButton-root MuiButton-contained MuiButton-containedPrimary MuiButton-sizeSmall MuiButton-containedSizeSmall MuiButton-colorPrimary css-1yrvhw5-MuiButtonBase-root-MuiButton-root"
              tabindex="0"
              type="button"
            >
              Login
            </button>
          </div>
          <div
            class="MuiBox-root css-1gaussg"
          >
            <p
              class="MuiTypography-root MuiTypography-body1 css-rizt0-MuiTypography-root"
              style="font-size: 1.6rem; font-weight: bold; margin-bottom: 20px; text-align: center;"
            >
              SDG Knowledge Sign Up
            </p>
            <div
              class="MuiBox-root css-1x1nri4"
            >
              <input
                name="username"
                placeholder="Username"
                style="width: 85%; padding: 5px 10px; font-size: 12px; border: 1px solid #e0e0e0; border-radius: 5px; box-sizing: border-box;"
                type="text"
                value=""
              />
              <input
                name="contact"
                placeholder="Email"
                style="width: 85%; padding: 5px 10px; font-size: 12px; border: 1px solid #e0e0e0; border-radius: 5px; box-sizing: border-box;"
                type="text"
                value=""
              />
              <input
                name="phonenumber"
                placeholder="Phone Number (optional)"
                style="width: 85%; padding: 5px 10px; font-size: 12px; border: 1px solid #e0e0e0; border-radius: 5px; box-sizing: border-box;"
                type="text"
                value=""
              />
              <input
                name="password"
                placeholder="Password"
                style="width: 85%; padding: 5px 10px; font-size: 12px; border: 1px solid #e0e0e0; border-radius: 5px; box-sizing: border-box;"
                type="password"
                value=""
              />
              <input
                name="confirmpassword"
                placeholder="Confirm Password"
                style="width: 85%; padding: 5px 10px; font-size: 12px; border: 1px solid #e0e0e0; border-radius: 5px; box-sizing: border-box;"
                type="password"
                value=""
              />
              <label
                class="MuiFormControlLabel-root MuiFormControlLabel-labelPlacementEnd css-1ejnzjp-MuiFormControlLabel-root"
              >
                <span
                  class="MuiButtonBase-root MuiCheckbox-root MuiCheckbox-colorPrimary MuiCheckbox-sizeSmall PrivateSwitchBase-root MuiCheckbox-root MuiCheckbox-colorPrimary MuiCheckbox-sizeSmall MuiCheckbox-root MuiCheckbox-colorPrimary MuiCheckbox-sizeSmall css-imrjgg-MuiButtonBase-root-MuiCheckbox-root"
                >
                  <input
                    class="PrivateSwitchBase-input css-j8yymo"
                    data-indeterminate="false"
                    type="checkbox"
                  />
                  <svg
                    aria-hidden="true"
                    class="MuiSvgIcon-root MuiSvgIcon-fontSizeSmall css-120dh41-MuiSvgIcon-root"
                    data-testid="CheckBoxOutlineBlankIcon"
                    focusable="false"
                    viewBox="0 0 24 24"
                  >
                    <path
                      d="M19 5v14H5V5h14m0-2H5c-1.1 0-2 .9-2 2v14c0 1.1.9 2 2 2h14c1.1 0 2-.9 2-2V5c0-1.1-.9-2-2-2z"
                    />
                  </svg>
                </span>
                <span
                  class="MuiTypography-root MuiTypography-body1 MuiFormControlLabel-label css-rizt0-MuiTypography-root"
                >
                  Show Password
                </span>
              </label>
              <button
                class="MuiButtonBase-root MuiButton-root MuiButton-contained MuiButton-containedPrimary MuiButton-sizeSmall MuiButton-containedSizeSmall MuiButton-colorPrimary MuiButton-root MuiButton-contained MuiButton-containedPrimary MuiButton-sizeSmall MuiButton-containedSizeSmall MuiButton-colorPrimary css-1eioe9r-MuiButtonBase-root-MuiButton-root"
                tabindex="0"
                type="button"
              >
                Sign Up
              </button>
              <div
                aria-orientation="horizontal"
                class="MuiDivider-root MuiDivider-fullWidth MuiDivider-withChildren css-jyffef-MuiDivider-root"
                role="separator"
              >
                <span
                  class="MuiDivider-wrapper css-1134oje-MuiDivider-wrapper"
                >
                  or continue with
                </span>
              </div>
              <div
                style="height: 32px;"
              />
              <div
                style="color: rgb(130, 130, 130); font-size: 10px; margin-top: 5px; text-align: center;"
              >
                By clicking continue, you agree to our 
                <a
                  href="https://policies.google.com/terms?hl=en"
                  style="color: rgb(0, 0, 0);"
                >
                  Terms of Service
                </a>
                  and 
                <a
                  href="https://policies.google.com/privacy?hl=en"
                  style="color: rgb(0, 0, 0);"
                >
                  Privacy Policy
                </a>
              </div>
            </div>
          </div>
        </div>
      </div>
    </div>
  </div>
</DocumentFragment>
`;
