// Jest Snapshot v1, https://goo.gl/fbAQLP

exports[`CreateTeamModal should match snapshot 1`] = `
<DocumentFragment>
  <div>
    <button
      class="MuiButtonBase-root MuiButton-root MuiButton-contained MuiButton-containedPrimary MuiButton-sizeMedium MuiButton-containedSizeMedium MuiButton-colorPrimary MuiButton-root MuiButton-contained MuiButton-containedPrimary MuiButton-sizeMedium MuiButton-containedSizeMedium MuiButton-colorPrimary css-1317kya-MuiButtonBase-root-MuiButton-root"
      tabindex="0"
      type="button"
    >
      Create a Team
    </button>
  </div>
</DocumentFragment>
`;
